
> temp-app@0.1.0 dev
> next dev

 ⚠ Port 3000 is in use, trying 3001 instead.
 ⚠ Port 3001 is in use, trying 3002 instead.
  ▲ Next.js 15.0.1
  - Local:        http://localhost:3002

 ✓ Starting...
 ✓ Ready in 1869ms
 ○ Compiling / ...
 ✓ Compiled / in 5.8s (701 modules)
 GET / 200 in 6479ms
 ✓ Compiled in 9.1s (309 modules)
 ⨯ ./node_modules/next/dist/lib/metadata/metadata-boundary.js
Error: ENOENT: no such file or directory, open '/app/node_modules/next/dist/lib/metadata/metadata-boundary.js'

Import trace for requested module:
./node_modules/next/dist/lib/metadata/metadata-boundary.js
 ⨯ ./node_modules/next/dist/lib/metadata/metadata-boundary.js
Error: ENOENT: no such file or directory, open '/app/node_modules/next/dist/lib/metadata/metadata-boundary.js'

Import trace for requested module:
./node_modules/next/dist/lib/metadata/metadata-boundary.js
 ⨯ ./node_modules/next/dist/lib/metadata/metadata-boundary.js
Error: ENOENT: no such file or directory, open '/app/node_modules/next/dist/lib/metadata/metadata-boundary.js'

Import trace for requested module:
./node_modules/next/dist/lib/metadata/metadata-boundary.js
 ⨯ ./node_modules/next/dist/lib/metadata/metadata-boundary.js
Error: ENOENT: no such file or directory, open '/app/node_modules/next/dist/lib/metadata/metadata-boundary.js'

Import trace for requested module:
./node_modules/next/dist/lib/metadata/metadata-boundary.js
<w> [webpack.cache.PackFileCacheStrategy] Caching failed for pack: Error: ENOENT: no such file or directory, rename '/app/.next/cache/webpack/client-development/9.pack.gz_' -> '/app/.next/cache/webpack/client-development/9.pack.gz'
 ⨯ ./node_modules/next/dist/lib/metadata/metadata-boundary.js
Error: ENOENT: no such file or directory, open '/app/node_modules/next/dist/lib/metadata/metadata-boundary.js'

Import trace for requested module:
./node_modules/next/dist/lib/metadata/metadata-boundary.js
